\BOOKMARK [1][-]{section.1}{\376\377\000I\000n\000t\000r\000o\000d\000u\000c\000t\000i\000o\000n}{}% 1
\BOOKMARK [1][-]{section.2}{\376\377\000D\000a\000t\000a}{}% 2
\BOOKMARK [2][-]{subsection.2.1}{\376\377\000E\000l\000e\000c\000t\000i\000o\000n\000\040\000D\000a\000t\000a}{section.2}% 3
\BOOKMARK [2][-]{subsection.2.2}{\376\377\000D\000e\000m\000o\000g\000r\000a\000p\000h\000i\000c\000\040\000D\000a\000t\000a}{section.2}% 4
\BOOKMARK [2][-]{subsection.2.3}{\376\377\000E\000c\000o\000n\000o\000m\000i\000c\000\040\000D\000a\000t\000a}{section.2}% 5
\BOOKMARK [2][-]{subsection.2.4}{\376\377\000D\000a\000t\000a\000\040\000T\000i\000m\000e\000f\000r\000a\000m\000e}{section.2}% 6
\BOOKMARK [2][-]{subsection.2.5}{\376\377\000G\000e\000o\000g\000r\000a\000p\000h\000i\000c\000\040\000H\000a\000r\000m\000o\000n\000i\000z\000a\000t\000i\000o\000n}{section.2}% 7
\BOOKMARK [1][-]{section.3}{\376\377\000M\000e\000t\000h\000o\000d\000s}{}% 8
\BOOKMARK [2][-]{subsection.3.1}{\376\377\000P\000r\000e\000d\000i\000c\000t\000i\000o\000n\000\040\000F\000r\000a\000m\000e\000w\000o\000r\000k}{section.3}% 9
\BOOKMARK [2][-]{subsection.3.2}{\376\377\000P\000r\000i\000m\000a\000r\000y\000\040\000E\000c\000o\000n\000o\000m\000i\000c\000\040\000a\000n\000d\000\040\000D\000e\000m\000o\000g\000r\000a\000p\000h\000i\000c\000\040\000m\000o\000d\000e\000l}{section.3}% 10
\BOOKMARK [2][-]{subsection.3.3}{\376\377\000P\000o\000l\000i\000t\000i\000c\000a\000l\000-\000H\000i\000s\000t\000o\000r\000y\000\040\000A\000u\000g\000m\000e\000n\000t\000e\000d\000\040\000M\000o\000d\000e\000l}{section.3}% 11
\BOOKMARK [2][-]{subsection.3.4}{\376\377\000C\000o\000u\000n\000t\000y\000-\000L\000e\000v\000e\000l\000\040\000M\000o\000d\000e\000l\000s}{section.3}% 12
\BOOKMARK [2][-]{subsection.3.5}{\376\377\000S\000t\000a\000t\000e\000-\000L\000e\000v\000e\000l\000\040\000M\000o\000d\000e\000l\000s}{section.3}% 13
\BOOKMARK [2][-]{subsection.3.6}{\376\377\000T\000r\000a\000i\000n\000i\000n\000g\000\040\000a\000n\000d\000\040\000T\000e\000s\000t\000\040\000D\000a\000t\000a}{section.3}% 14
\BOOKMARK [2][-]{subsection.3.7}{\376\377\000P\000r\000e\000d\000i\000c\000t\000i\000o\000n\000\040\000E\000r\000r\000o\000r\000\040\000a\000n\000d\000\040\000M\000o\000d\000e\000l\000\040\000E\000v\000a\000l\000u\000a\000t\000i\000o\000n}{section.3}% 15
\BOOKMARK [2][-]{subsection.3.8}{\376\377\000W\000i\000n\000n\000e\000r\000\040\000C\000l\000a\000s\000s\000i\000f\000i\000c\000a\000t\000i\000o\000n}{section.3}% 16
\BOOKMARK [2][-]{subsection.3.9}{\376\377\000C\000o\000m\000p\000a\000r\000i\000s\000o\000n\000\040\000o\000f\000\040\000M\000o\000d\000e\000l\000\040\000S\000p\000e\000c\000i\000f\000i\000c\000a\000t\000i\000o\000n\000s}{section.3}% 17
\BOOKMARK [2][-]{subsection.3.10}{\376\377\000A\000d\000d\000i\000t\000i\000o\000n\000a\000l\000\040\000M\000o\000d\000e\000l\000\040\000S\000p\000e\000c\000i\000f\000i\000c\000a\000t\000i\000o\000n\000s}{section.3}% 18
\BOOKMARK [1][-]{section.4}{\376\377\000P\000r\000e\000l\000i\000m\000i\000n\000a\000r\000y\000\040\000R\000e\000s\000u\000l\000t\000s}{}% 19
\BOOKMARK [2][-]{subsection.4.1}{\376\377\000E\000x\000p\000l\000o\000r\000a\000t\000o\000r\000y\000\040\000D\000a\000t\000a\000\040\000A\000n\000a\000l\000y\000s\000i\000s}{section.4}% 20
\BOOKMARK [2][-]{subsection.4.2}{\376\377\000R\000e\000g\000r\000e\000s\000s\000i\000o\000n\000\040\000R\000e\000s\000u\000l\000t\000s}{section.4}% 21
\BOOKMARK [2][-]{subsection.4.3}{\376\377\000O\000u\000t\000-\000o\000f\000-\000S\000a\000m\000p\000l\000e\000\040\000P\000r\000e\000d\000i\000c\000t\000i\000o\000n}{section.4}% 22
\BOOKMARK [2][-]{subsection.4.4}{\376\377\000G\000e\000o\000g\000r\000a\000p\000h\000i\000c\000\040\000V\000a\000r\000i\000a\000t\000i\000o\000n\000\040\000i\000n\000\040\000P\000r\000e\000d\000i\000c\000t\000i\000o\000n\000\040\000E\000r\000r\000o\000r}{section.4}% 23
\BOOKMARK [1][-]{section.5}{\376\377\000E\000x\000t\000e\000n\000s\000i\000o\000n\000s\000\040\000a\000n\000d\000\040\000R\000o\000b\000u\000s\000t\000n\000e\000s\000s\000\040\000C\000h\000e\000c\000k\000s}{}% 24
\BOOKMARK [2][-]{subsection.5.1}{\376\377\000P\000o\000l\000i\000t\000i\000c\000a\000l\000-\000H\000i\000s\000t\000o\000r\000y\000\040\000B\000e\000n\000c\000h\000m\000a\000r\000k}{section.5}% 25
\BOOKMARK [2][-]{subsection.5.2}{\376\377\000A\000l\000t\000e\000r\000n\000a\000t\000i\000v\000e\000\040\000m\000o\000d\000e\000l\000s}{section.5}% 26
\BOOKMARK [1][-]{section.6}{\376\377\000D\000i\000s\000c\000u\000s\000s\000i\000o\000n}{}% 27
\BOOKMARK [1][-]{section.7}{\376\377\000L\000i\000m\000i\000t\000a\000t\000i\000o\000n\000s}{}% 28
\BOOKMARK [1][-]{section.8}{\376\377\000C\000o\000n\000c\000l\000u\000s\000i\000o\000n}{}% 29
